Test: test_verify
bin/gverify -v -d ../unit-e-sigs/ -r someversion-linux ../work/gitian-descriptors/gitian-linux.yml  cwd=gitian-builder
bin/gverify -v -d ../unit-e-sigs/ -r someversion-win-unsigned ../work/gitian-descriptors/gitian-win.yml  cwd=gitian-builder
bin/gverify -v -d ../unit-e-sigs/ -r someversion-osx-unsigned ../work/gitian-descriptors/gitian-osx.yml  cwd=gitian-builder
bin/gverify -v -d ../unit-e-sigs/ -r someversion-win-signed ../work/gitian-descriptors/gitian-win-signer.yml  cwd=gitian-builder
bin/gverify -v -d ../unit-e-sigs/ -r someversion-osx-signed ../work/gitian-descriptors/gitian-osx-signer.yml  cwd=gitian-builder
