Test: test_sign
wget -N -P inputs https://downloads.sourceforge.net/project/osslsigncode/osslsigncode/osslsigncode-1.7.1.tar.gz  cwd=gitian-builder
wget -N -P inputs https://bitcoincore.org/cfields/osslsigncode-Backports-to-1.7.1.patch  cwd=gitian-builder
cp inputs/unite-someversion-win-unsigned.tar.gz tmp/unite-win-unsigned.tar.gz  cwd=gitian-builder
tar -xzf unite-win-unsigned.tar.gz  cwd=tmp
osslsigncode_executable sign -certs somecert -in unite-someversion-win32-setup-unsigned.exe -out unite-someversion-win32-setup-unsigned.exe-signed -key somekey -askpass
osslsigncode_executable extract-signature -pem -in unite-someversion-win32-setup-unsigned.exe-signed -out unite-someversion-win32-setup-unsigned.exe.pem
tar -rf /home/mmorusiewicz/DTR/my-fork-unite/contrib/gitian-builder/inputs/unite-win-signatures.tar unite-someversion-win32-setup-unsigned.exe.pem  cwd=tmp/unsigned
osslsigncode_executable sign -certs somecert -in unite-someversion-win32-setup-unsigned.exe -out unite-someversion-win32-setup-unsigned.exe-signed -key somekey -askpass
osslsigncode_executable extract-signature -pem -in unite-someversion-win32-setup-unsigned.exe-signed -out unite-someversion-win32-setup-unsigned.exe.pem
tar -rf /home/mmorusiewicz/DTR/my-fork-unite/contrib/gitian-builder/inputs/unite-win-signatures.tar unite-someversion-win32-setup-unsigned.exe.pem  cwd=tmp/unsigned
cp inputs/unite-someversion-win-unsigned.tar.gz inputs/unite-win-unsigned.tar.gz  shell=True  cwd=gitian-builder
bin/gbuild -i --commit signature=master ../unit-e/contrib/gitian-descriptors/gitian-win-signer.yml  cwd=gitian-builder
bin/gsign -p gpg --signer somesigner --release someversion-win-signed --destination ../unit-e-sigs/ ../unit-e/contrib/gitian-descriptors/gitian-win-signer.yml  cwd=gitian-builder
mv build/out/unite-*win64-setup.exe ../unit-e-binaries/someversion  shell=True  cwd=gitian-builder
mv build/out/unite-*win32-setup.exe ../unit-e-binaries/someversion  shell=True  cwd=gitian-builder
cp inputs/unite-someversion-osx-unsigned.tar.gz inputs/unite-osx-unsigned.tar.gz  shell=True  cwd=gitian-builder
bin/gbuild -i --commit signature=master ../unit-e/contrib/gitian-descriptors/gitian-osx-signer.yml  cwd=gitian-builder
bin/gsign -p gpg --signer somesigner --release someversion-osx-signed --destination ../unit-e-sigs/ ../unit-e/contrib/gitian-descriptors/gitian-osx-signer.yml  cwd=gitian-builder
mv build/out/unite-osx-signed.dmg ../unit-e-binaries/someversion/unite-someversion-osx.dmg  shell=True  cwd=gitian-builder
git add someversion-win-signed/somesigner  cwd=unit-e-sigs
git add someversion-osx-signed/somesigner  cwd=unit-e-sigs
git commit -a -m Add someversion signed binary sigs for somesigner  cwd=unit-e-sigs
