Test: test_setup_mac
docker --version
brew ls ruby  stdout=-3  stderr=-3
brew ls coreutils  stdout=-3  stderr=-3
git clone git@github.com:dtr-org/unit-e-sigs.git
git clone https://github.com/devrandom/gitian-builder.git
git clone /some/repo unit-e
bin/make-base-vm --suite trusty --arch amd64 --docker  cwd=gitian-builder
