Test: test_verify
chdir('gitian-builder')
bin/gverify -v -d ../unit-e-sigs/ -r someversion-linux ../unit-e/contrib/gitian-descriptors/gitian-linux.yml
bin/gverify -v -d ../unit-e-sigs/ -r someversion-win-unsigned ../unit-e/contrib/gitian-descriptors/gitian-win.yml
bin/gverify -v -d ../unit-e-sigs/ -r someversion-osx-unsigned ../unit-e/contrib/gitian-descriptors/gitian-osx.yml
bin/gverify -v -d ../unit-e-sigs/ -r someversion-win-signed ../unit-e/contrib/gitian-descriptors/gitian-win-signer.yml
bin/gverify -v -d ../unit-e-sigs/ -r someversion-osx-signed ../unit-e/contrib/gitian-descriptors/gitian-osx-signer.yml
chdir('someworkdir')
