Test: test_build
chdir('gitian-builder')
make -C ../unit-e/depends download SOURCES_PATH=someworkdir/cache/common
bin/gbuild -j 2 -m 3000 --commit unit-e=v1.1.1 --url unit-e=/some/repo ../work/gitian-descriptors/gitian-linux.yml
bin/gsign -p gpg --signer somesigner --release someversion-linux --destination ../unit-e-sigs/ ../work/gitian-descriptors/gitian-linux.yml
mv build/out/unite-*.tar.gz build/out/src/unite-*.tar.gz ../unit-e-binaries/someversion  shell=True
bin/gbuild -j 2 -m 3000 --commit unit-e=v1.1.1 --url unit-e=/some/repo ../work/gitian-descriptors/gitian-win.yml
bin/gsign -p gpg --signer somesigner --release someversion-win-unsigned --destination ../unit-e-sigs/ ../work/gitian-descriptors/gitian-win.yml
mv build/out/unite-*-win-unsigned.tar.gz inputs/  shell=True
mv build/out/unite-*.zip build/out/unite-*.exe ../unit-e-binaries/someversion  shell=True
bin/gbuild -j 2 -m 3000 --commit unit-e=v1.1.1 --url unit-e=/some/repo ../work/gitian-descriptors/gitian-osx.yml
bin/gsign -p gpg --signer somesigner --release someversion-osx-unsigned --destination ../unit-e-sigs/ ../work/gitian-descriptors/gitian-osx.yml
mv build/out/unite-*.tar.gz ../unit-e-binaries/someversion  shell=True
chdir('someworkdir')
chdir('unit-e-sigs')
git add someversion-linux/somesigner
git add someversion-win-unsigned/somesigner
git add someversion-osx-unsigned/somesigner
git commit -m Add someversion unsigned sigs for somesigner
chdir('someworkdir')
