Test: test_codesign
cp inputs/unit-e-someversion-win-unsigned.tar.gz tmp/unit-e-win-unsigned.tar.gz  cwd=gitian-builder
tar -xzf unit-e-win-unsigned.tar.gz  cwd=tmp
osslsigncode_executable sign -certs somecert -in unit-e-someversion-win32-setup-unsigned.exe -out unit-e-someversion-win32-setup-unsigned.exe-signed -key somekey -askpass
osslsigncode_executable extract-signature -pem -in unit-e-someversion-win32-setup-unsigned.exe-signed -out unit-e-someversion-win32-setup-unsigned.exe.pem
osslsigncode_executable sign -certs somecert -in unit-e-someversion-win32-setup-unsigned.exe -out unit-e-someversion-win32-setup-unsigned.exe-signed -key somekey -askpass
osslsigncode_executable extract-signature -pem -in unit-e-someversion-win32-setup-unsigned.exe-signed -out unit-e-someversion-win32-setup-unsigned.exe.pem
tar -czf version-platform-sigs-path  cwd=tmp/unsigned
git add someversion-detached/unit-e-win-signatures.tar.gz  cwd=unit-e-sigs
git commit -a -m Add someversion detached signatures by somesigner  cwd=unit-e-sigs
